

Schedule for: Terry Gilliam   (Sched version date: 2020-05-28)

Start: 2020-04-03     Time: 08:00:00     Shift: AM           AM: IHS Continuity Clinic
Start: 2020-04-03     Time: 13:00:00     Shift: PM           PM: IHS Continuity Clinic
Start: 2020-04-06     Time: 08:00:00     Shift: AM           AM: IHS Continuity Clinic
Start: 2020-04-06     Time: 13:00:00     Shift: PM           PM: IHS Continuity Clinic
Start: 2020-04-10     Time: 08:00:00     Shift: AM           AM: IHS Continuity Clinic
Start: 2020-04-10     Time: 13:00:00     Shift: PM           PM: IHS Continuity Clinic
Start: 2020-04-13     Time: 08:00:00     Shift: AM           AM: IHS Continuity Clinic
Start: 2020-04-13     Time: 13:00:00     Shift: PM           PM: IHS Continuity Clinic
Start: 2020-04-17     Time: 08:00:00     Shift: AM           AM: IHS Continuity Clinic
Start: 2020-04-17     Time: 13:00:00     Shift: PM           PM: IHS Continuity Clinic
Start: 2020-04-20     Time: 08:00:00     Shift: AM           AM: IHS Continuity Clinic
Start: 2020-04-20     Time: 13:00:00     Shift: PM           PM: IHS Continuity Clinic
Start: 2020-04-24     Time: 08:00:00     Shift: AM           AM: IHS Continuity Clinic
Start: 2020-04-24     Time: 13:00:00     Shift: PM           PM: IHS Continuity Clinic
Start: 2020-04-27     Time: 08:00:00     Shift: AM           AM: IHS Continuity Clinic
Start: 2020-04-27     Time: 13:00:00     Shift: PM           PM: IHS Continuity Clinic
Start: 2020-05-07     Time: 13:00:00     Shift: PM           PM: IHS Continuity Clinic
Start: 2020-05-14     Time: 08:00:00     Shift: AM           AM: IHS Continuity Clinic
Start: 2020-05-14     Time: 13:00:00     Shift: PM           PM: IHS Continuity Clinic
Start: 2020-05-21     Time: 08:00:00     Shift: AM           AM: IHS Continuity Clinic
Start: 2020-05-21     Time: 13:00:00     Shift: PM           PM: IHS Continuity Clinic
Start: 2020-05-26     Time: 13:00:00     Shift: PM           PM: IHS Continuity Clinic
Start: 2020-06-04     Time: 13:00:00     Shift: PM           PM: IHS Continuity Clinic
Start: 2020-06-09     Time: 13:00:00     Shift: PM           PM: IHS Continuity Clinic
Start: 2020-07-14     Time: 13:00:00     Shift: PM           PM: IHS Continuity Clinic
Start: 2020-07-16     Time: 08:00:00     Shift: AM           AM: IHS Continuity Clinic
Start: 2020-07-17     Time: 08:00:00     Shift: AM           AM: IHS Continuity Clinic
Start: 2020-07-20     Time: 13:00:00     Shift: PM           PM: IHS Continuity Clinic
Start: 2020-07-21     Time: 13:00:00     Shift: PM           PM: IHS Continuity Clinic
Start: 2020-07-23     Time: 08:00:00     Shift: AM           AM: IHS Continuity Clinic
Start: 2020-07-24     Time: 08:00:00     Shift: AM           AM: IHS Continuity Clinic
Start: 2020-07-27     Time: 13:00:00     Shift: PM           PM: IHS Continuity Clinic
Start: 2020-07-30     Time: 08:00:00     Shift: AM           AM: IHS Continuity Clinic
Start: 2020-07-30     Time: 13:00:00     Shift: PM           PM: IHS Continuity Clinic
Start: 2020-07-31     Time: 08:00:00     Shift: AM           AM: IHS Continuity Clinic
Start: 2020-07-31     Time: 13:00:00     Shift: PM           PM: IHS Continuity Clinic
Start: 2020-08-06     Time: 08:00:00     Shift: AM           AM: IHS Continuity Clinic
Start: 2020-08-06     Time: 13:00:00     Shift: PM           PM: IHS Continuity Clinic
Start: 2020-08-07     Time: 08:00:00     Shift: AM           AM: IHS Continuity Clinic
Start: 2020-08-07     Time: 13:00:00     Shift: PM           PM: IHS Continuity Clinic
Start: 2020-08-20     Time: 08:00:00     Shift: AM           AM: IHS Continuity Clinic
Start: 2020-08-20     Time: 13:00:00     Shift: PM           PM: IHS Continuity Clinic
Start: 2020-08-21     Time: 08:00:00     Shift: AM           AM: IHS Continuity Clinic
Start: 2020-08-21     Time: 13:00:00     Shift: PM           PM: IHS Continuity Clinic
Start: 2020-08-28     Time: 13:00:00     Shift: PM           PM: IHS Continuity Clinic
Start: 2020-09-04     Time: 13:00:00     Shift: PM           PM: IHS Continuity Clinic
Start: 2020-09-11     Time: 13:00:00     Shift: PM           PM: IHS Continuity Clinic
Start: 2020-09-18     Time: 13:00:00     Shift: PM           PM: IHS Continuity Clinic
Start: 2020-09-24     Time: 13:00:00     Shift: PM           PM: IHS Continuity Clinic
Start: 2020-10-02     Time: 13:00:00     Shift: PM           PM: IHS Continuity Clinic
Start: 2020-10-08     Time: 13:00:00     Shift: PM           PM: IHS Continuity Clinic
Start: 2020-10-16     Time: 13:00:00     Shift: PM           PM: IHS Continuity Clinic
Start: 2020-10-20     Time: 13:00:00     Shift: PM           PM: IHS Continuity Clinic
Start: 2020-10-22     Time: 13:00:00     Shift: PM           PM: IHS Continuity Clinic
Start: 2020-10-23     Time: 13:00:00     Shift: PM           PM: IHS Continuity Clinic
Start: 2020-11-02     Time: 08:00:00     Shift: AM           AM: IHS Continuity Clinic
Start: 2020-11-03     Time: 13:00:00     Shift: PM           PM: IHS Continuity Clinic
Start: 2020-11-05     Time: 13:00:00     Shift: PM           PM: IHS Continuity Clinic
Start: 2020-11-06     Time: 13:00:00     Shift: PM           PM: IHS Continuity Clinic
Start: 2020-11-09     Time: 08:00:00     Shift: AM           AM: IHS Continuity Clinic
Start: 2020-11-10     Time: 13:00:00     Shift: PM           PM: IHS Continuity Clinic
Start: 2020-11-12     Time: 13:00:00     Shift: PM           PM: IHS Continuity Clinic
Start: 2020-11-13     Time: 13:00:00     Shift: PM           PM: IHS Continuity Clinic
Start: 2020-11-16     Time: 08:00:00     Shift: AM           AM: IHS Continuity Clinic
Start: 2020-11-19     Time: 13:00:00     Shift: PM           PM: IHS Continuity Clinic IPCS
Start: 2020-11-20     Time: 13:00:00     Shift: PM           PM: IHS Continuity Clinic IPCS
Start: 2020-11-27     Time: 13:00:00     Shift: PM           PM: IHS Continuity Clinic IPCS
Start: 2021-01-12     Time: 13:00:00     Shift: PM           PM: IHS Continuity Clinic
Start: 2021-01-18     Time: 08:00:00     Shift: AM           AM: 8:30 IHS Continuity Clinic
Start: 2021-01-18     Time: 13:00:00     Shift: PM           PM: IHS Continuity Clinic
Start: 2021-01-19     Time: 13:00:00     Shift: PM           PM: IHS Continuity Clinic
Start: 2021-01-25     Time: 08:00:00     Shift: AM           AM: 8:30 IHS Continuity Clinic
Start: 2021-01-25     Time: 13:00:00     Shift: PM           PM: IHS Continuity Clinic
Start: 2021-03-08     Time: 08:00:00     Shift: AM           AM: IHS Continuity Clinic
Start: 2021-03-08     Time: 13:00:00     Shift: PM           PM: IHS Continuity Clinic
Start: 2021-03-25     Time: 09:00:00     Shift: AM           AM: IHS Continuity Clinic
Start: 2021-03-25     Time: 14:00:00     Shift: PM           PM: IHS Continuity Clinic
Start: 2021-03-29     Time: 09:00:00     Shift: AM           AM: IHS Continuity Clinic
Start: 2021-03-29     Time: 14:00:00     Shift: PM           PM: IHS Continuity Clinic
Start: 2021-04-01     Time: 09:00:00     Shift: AM           AM: IHS Continuity Clinic
Start: 2021-04-01     Time: 14:00:00     Shift: PM           PM: IHS Continuity Clinic
Start: 2021-04-05     Time: 09:00:00     Shift: AM           AM: IHS Continuity Clinic
Start: 2021-04-05     Time: 14:00:00     Shift: PM           PM: IHS Continuity Clinic
Start: 2021-04-06     Time: 14:00:00     Shift: PM           PM: IHS Continuity Clinic
Start: 2021-04-09     Time: 14:00:00     Shift: PM           PM: IHS Continuity Clinic
Start: 2021-04-12     Time: 14:00:00     Shift: PM           PM: IHS Continuity Clinic
Start: 2021-04-13     Time: 14:00:00     Shift: PM           PM: IHS Continuity Clinic
Start: 2021-04-16     Time: 14:00:00     Shift: PM           PM: IHS Continuity Clinic
Start: 2021-04-19     Time: 14:00:00     Shift: PM           PM: IHS Continuity Clinic
Start: 2021-04-20     Time: 14:00:00     Shift: PM           PM: IHS Continuity Clinic
Start: 2021-04-23     Time: 14:00:00     Shift: PM           PM: IHS Continuity Clinic
Start: 2021-04-26     Time: 14:00:00     Shift: PM           PM: IHS Continuity Clinic
Start: 2021-04-27     Time: 14:00:00     Shift: PM           PM: IHS Continuity Clinic
Start: 2021-04-30     Time: 14:00:00     Shift: PM           PM: IHS Continuity Clinic
Start: 2021-05-03     Time: 14:00:00     Shift: PM           PM: IHS Continuity Clinic
Start: 2021-05-07     Time: 09:00:00     Shift: AM           AM: IHS Continuity Clinic
Start: 2021-05-07     Time: 14:00:00     Shift: PM           PM: IHS Continuity Clinic
Start: 2021-05-10     Time: 09:00:00     Shift: AM           AM: IHS Continuity Clinic
Start: 2021-05-10     Time: 14:00:00     Shift: PM           PM: IHS Continuity Clinic
Start: 2021-05-14     Time: 09:00:00     Shift: AM           AM: IHS Continuity Clinic
Start: 2021-05-14     Time: 14:00:00     Shift: PM           PM: IHS Continuity Clinic
Start: 2021-05-17     Time: 14:00:00     Shift: PM           PM: IHS Continuity Clinic
Start: 2021-05-21     Time: 09:00:00     Shift: AM           AM: IHS Continuity Clinic
Start: 2021-05-21     Time: 14:00:00     Shift: PM           PM: IHS Continuity Clinic